// Jest Snapshot v1, https://goo.gl/fbAQLP

exports[`Dashboard unit tests should render 1`] = `
<Redirect
  to="/auth/login"
/>
`;
